[INFO] Component benchmark
[INFO] Scheme: BFV
[INFO] Households: 250
[INFO] Repetitions: 1000
[INFO] Cache mode: cold


========================================
Component Benchmark Report
========================================
[TIMER] household_encrypt_X_i | total: 2711545 us | calls: 1000 | avg: 2711.55 us | cipher bytes: 526449
[TIMER] household_encrypt_delta_i | total: 2705939 us | calls: 1000 | avg: 2705.94 us | cipher bytes: 526449
[TIMER] aggregator_zero_init_for_X | total: 2700759 us | calls: 1000 | avg: 2700.76 us | cipher bytes: 526449
[TIMER] aggregator_add_encrypted_X_i | total: 12225620 us | calls: 1000 | avg: 12225.6 us | cipher bytes: 526449
[TIMER] aggregator_zero_init_for_delta | total: 2701505 us | calls: 1000 | avg: 2701.51 us | cipher bytes: 526449
[TIMER] aggregator_add_encrypted_delta_i | total: 12147900 us | calls: 1000 | avg: 12147.9 us | cipher bytes: 526449
[TIMER] coordinator_decrypt_X | total: 1057972 us | calls: 1000 | avg: 1057.97 us
[TIMER] coordinator_decrypt_delta | total: 1056300 us | calls: 1000 | avg: 1056.3 us
[TIMER] coordinator_one_psm_steering_round | total: 5783365 us | calls: 1000 | avg: 5783.36 us
Checksum sink: 1.53602e+08
Size sink: 3158694000
scheme,part,households,repetitions,cache_mode,total_us,avg_us,calls,cipher_bytes
BFV,household_encrypt_X_i,250,1000,cold,2711545,2711.55,1000,526449
BFV,household_encrypt_delta_i,250,1000,cold,2705939,2705.94,1000,526449
BFV,aggregator_zero_init_for_X,250,1000,cold,2700759,2700.76,1000,526449
BFV,aggregator_add_encrypted_X_i,250,1000,cold,12225620,12225.6,1000,526449
BFV,aggregator_zero_init_for_delta,250,1000,cold,2701505,2701.51,1000,526449
BFV,aggregator_add_encrypted_delta_i,250,1000,cold,12147900,12147.9,1000,526449
BFV,coordinator_decrypt_X,250,1000,cold,1057972,1057.97,1000,0
BFV,coordinator_decrypt_delta,250,1000,cold,1056300,1056.3,1000,0
BFV,coordinator_one_psm_steering_round,250,1000,cold,5783365,5783.36,1000,0

 Performance counter stats for './cmake-build-bfv/he_component_bench 250 1000 cold':

   239,029,399,611      task-clock                       #    1.000 CPUs utilized             
             2,979      context-switches                 #   12.463 /sec                      
               688      cpu-migrations                   #    2.878 /sec                      
           136,585      page-faults                      #  571.415 /sec                      
 1,400,537,755,744      instructions                     #    1.31  insn per cycle            
                                                  #    0.49  stalled cycles per insn   
 1,071,891,006,115      cycles                           #    4.484 GHz                       
   679,324,131,028      stalled-cycles-frontend          #   63.38% frontend cycles idle      
   134,868,980,589      branches                         #  564.236 M/sec                     
       479,643,403      branch-misses                    #    0.36% of all branches           

     239.107672502 seconds time elapsed

     238.574358000 seconds user
       0.452864000 seconds sys


