[INFO] Component benchmark
[INFO] Scheme: BFV
[INFO] Households: 10
[INFO] Repetitions: 1000
[INFO] Cache mode: cold


========================================
Component Benchmark Report
========================================
[TIMER] household_encrypt_X_i | total: 2710169 us | calls: 1000 | avg: 2710.17 us | cipher bytes: 526449
[TIMER] household_encrypt_delta_i | total: 2706778 us | calls: 1000 | avg: 2706.78 us | cipher bytes: 526449
[TIMER] aggregator_zero_init_for_X | total: 2703907 us | calls: 1000 | avg: 2703.91 us | cipher bytes: 526449
[TIMER] aggregator_add_encrypted_X_i | total: 546499 us | calls: 1000 | avg: 546.499 us | cipher bytes: 526449
[TIMER] aggregator_zero_init_for_delta | total: 2702782 us | calls: 1000 | avg: 2702.78 us | cipher bytes: 526449
[TIMER] aggregator_add_encrypted_delta_i | total: 549085 us | calls: 1000 | avg: 549.085 us | cipher bytes: 526449
[TIMER] coordinator_decrypt_X | total: 1060424 us | calls: 1000 | avg: 1060.42 us
[TIMER] coordinator_decrypt_delta | total: 1057611 us | calls: 1000 | avg: 1057.61 us
[TIMER] coordinator_one_psm_steering_round | total: 273098 us | calls: 1000 | avg: 273.098 us
Checksum sink: 7.87631e+06
Size sink: 3158694000
scheme,part,households,repetitions,cache_mode,total_us,avg_us,calls,cipher_bytes
BFV,household_encrypt_X_i,10,1000,cold,2710169,2710.17,1000,526449
BFV,household_encrypt_delta_i,10,1000,cold,2706778,2706.78,1000,526449
BFV,aggregator_zero_init_for_X,10,1000,cold,2703907,2703.91,1000,526449
BFV,aggregator_add_encrypted_X_i,10,1000,cold,546499,546.499,1000,526449
BFV,aggregator_zero_init_for_delta,10,1000,cold,2702782,2702.78,1000,526449
BFV,aggregator_add_encrypted_delta_i,10,1000,cold,549085,549.085,1000,526449
BFV,coordinator_decrypt_X,10,1000,cold,1060424,1060.42,1000,0
BFV,coordinator_decrypt_delta,10,1000,cold,1057611,1057.61,1000,0
BFV,coordinator_one_psm_steering_round,10,1000,cold,273098,273.098,1000,0

 Performance counter stats for './cmake-build-bfv/he_component_bench 10 1000 cold':

   209,680,660,209      task-clock                       #    1.000 CPUs utilized             
             2,425      context-switches                 #   11.565 /sec                      
               550      cpu-migrations                   #    2.623 /sec                      
           136,052      page-faults                      #  648.853 /sec                      
   851,282,084,717      instructions                     #    0.90  insn per cycle            
                                                  #    0.79  stalled cycles per insn   
   942,686,733,694      cycles                           #    4.496 GHz                       
   675,595,152,387      stalled-cycles-frontend          #   71.67% frontend cycles idle      
    94,867,868,356      branches                         #  452.440 M/sec                     
       251,568,624      branch-misses                    #    0.27% of all branches           

     209.745191240 seconds time elapsed

     209.273857000 seconds user
       0.403881000 seconds sys


