[INFO] Component benchmark
[INFO] Scheme: BFV
[INFO] Households: 100
[INFO] Repetitions: 1000
[INFO] Cache mode: cold


========================================
Component Benchmark Report
========================================
[TIMER] household_encrypt_X_i | total: 2712235 us | calls: 1000 | avg: 2712.24 us | cipher bytes: 526449
[TIMER] household_encrypt_delta_i | total: 2702250 us | calls: 1000 | avg: 2702.25 us | cipher bytes: 526449
[TIMER] aggregator_zero_init_for_X | total: 2700671 us | calls: 1000 | avg: 2700.67 us | cipher bytes: 526449
[TIMER] aggregator_add_encrypted_X_i | total: 4987016 us | calls: 1000 | avg: 4987.02 us | cipher bytes: 526449
[TIMER] aggregator_zero_init_for_delta | total: 2698426 us | calls: 1000 | avg: 2698.43 us | cipher bytes: 526449
[TIMER] aggregator_add_encrypted_delta_i | total: 4957919 us | calls: 1000 | avg: 4957.92 us | cipher bytes: 526449
[TIMER] coordinator_decrypt_X | total: 1061399 us | calls: 1000 | avg: 1061.4 us
[TIMER] coordinator_decrypt_delta | total: 1057209 us | calls: 1000 | avg: 1057.21 us
[TIMER] coordinator_one_psm_steering_round | total: 2243678 us | calls: 1000 | avg: 2243.68 us
Checksum sink: 6.09865e+07
Size sink: 3158694000
scheme,part,households,repetitions,cache_mode,total_us,avg_us,calls,cipher_bytes
BFV,household_encrypt_X_i,100,1000,cold,2712235,2712.24,1000,526449
BFV,household_encrypt_delta_i,100,1000,cold,2702250,2702.25,1000,526449
BFV,aggregator_zero_init_for_X,100,1000,cold,2700671,2700.67,1000,526449
BFV,aggregator_add_encrypted_X_i,100,1000,cold,4987016,4987.02,1000,526449
BFV,aggregator_zero_init_for_delta,100,1000,cold,2698426,2698.43,1000,526449
BFV,aggregator_add_encrypted_delta_i,100,1000,cold,4957919,4957.92,1000,526449
BFV,coordinator_decrypt_X,100,1000,cold,1061399,1061.4,1000,0
BFV,coordinator_decrypt_delta,100,1000,cold,1057209,1057.21,1000,0
BFV,coordinator_one_psm_steering_round,100,1000,cold,2243678,2243.68,1000,0

 Performance counter stats for './cmake-build-bfv/he_component_bench 100 1000 cold':

   221,069,205,724      task-clock                       #    1.000 CPUs utilized             
             2,576      context-switches                 #   11.652 /sec                      
               575      cpu-migrations                   #    2.601 /sec                      
           136,256      page-faults                      #  616.350 /sec                      
 1,056,615,774,109      instructions                     #    1.06  insn per cycle            
                                                  #    0.64  stalled cycles per insn   
   992,770,990,747      cycles                           #    4.491 GHz                       
   678,454,178,078      stalled-cycles-frontend          #   68.34% frontend cycles idle      
   109,750,519,945      branches                         #  496.453 M/sec                     
       340,199,143      branch-misses                    #    0.31% of all branches           

     221.135240272 seconds time elapsed

     220.627053000 seconds user
       0.437871000 seconds sys


