[INFO] Component benchmark
[INFO] Scheme: BFV
[INFO] Households: 500
[INFO] Repetitions: 1000
[INFO] Cache mode: cold


========================================
Component Benchmark Report
========================================
[TIMER] household_encrypt_X_i | total: 2721261 us | calls: 1000 | avg: 2721.26 us | cipher bytes: 526449
[TIMER] household_encrypt_delta_i | total: 2715762 us | calls: 1000 | avg: 2715.76 us | cipher bytes: 526449
[TIMER] aggregator_zero_init_for_X | total: 2706225 us | calls: 1000 | avg: 2706.22 us | cipher bytes: 526449
[TIMER] aggregator_add_encrypted_X_i | total: 24409814 us | calls: 1000 | avg: 24409.8 us | cipher bytes: 526449
[TIMER] aggregator_zero_init_for_delta | total: 2708164 us | calls: 1000 | avg: 2708.16 us | cipher bytes: 526449
[TIMER] aggregator_add_encrypted_delta_i | total: 24410867 us | calls: 1000 | avg: 24410.9 us | cipher bytes: 526449
[TIMER] coordinator_decrypt_X | total: 1056140 us | calls: 1000 | avg: 1056.14 us
[TIMER] coordinator_decrypt_delta | total: 1056576 us | calls: 1000 | avg: 1056.58 us
[TIMER] coordinator_one_psm_steering_round | total: 12110034 us | calls: 1000 | avg: 12110 us
Checksum sink: 3.06405e+08
Size sink: 3158694000
scheme,part,households,repetitions,cache_mode,total_us,avg_us,calls,cipher_bytes
BFV,household_encrypt_X_i,500,1000,cold,2721261,2721.26,1000,526449
BFV,household_encrypt_delta_i,500,1000,cold,2715762,2715.76,1000,526449
BFV,aggregator_zero_init_for_X,500,1000,cold,2706225,2706.22,1000,526449
BFV,aggregator_add_encrypted_X_i,500,1000,cold,24409814,24409.8,1000,526449
BFV,aggregator_zero_init_for_delta,500,1000,cold,2708164,2708.16,1000,526449
BFV,aggregator_add_encrypted_delta_i,500,1000,cold,24410867,24410.9,1000,526449
BFV,coordinator_decrypt_X,500,1000,cold,1056140,1056.14,1000,0
BFV,coordinator_decrypt_delta,500,1000,cold,1056576,1056.58,1000,0
BFV,coordinator_one_psm_steering_round,500,1000,cold,12110034,12110,1000,0

 Performance counter stats for './cmake-build-bfv/he_component_bench 500 1000 cold':

   269,736,133,779      task-clock                       #    1.000 CPUs utilized             
             3,317      context-switches                 #   12.297 /sec                      
               702      cpu-migrations                   #    2.603 /sec                      
           137,126      page-faults                      #  508.371 /sec                      
 1,979,941,807,189      instructions                     #    1.64  insn per cycle            
                                                  #    0.34  stalled cycles per insn   
 1,205,963,705,950      cycles                           #    4.471 GHz                       
   680,605,465,675      stalled-cycles-frontend          #   56.44% frontend cycles idle      
   177,953,600,110      branches                         #  659.732 M/sec                     
       676,254,954      branch-misses                    #    0.38% of all branches           

     269.820898348 seconds time elapsed

     269.305114000 seconds user
       0.425873000 seconds sys


