[INFO] Component benchmark
[INFO] Scheme: CKKS
[INFO] Households: 250
[INFO] Repetitions: 1000
[INFO] Cache mode: cold


========================================
Component Benchmark Report
========================================
[TIMER] household_encrypt_X_i | total: 3165024 us | calls: 1000 | avg: 3165.02 us | cipher bytes: 394865
[TIMER] household_encrypt_delta_i | total: 3143151 us | calls: 1000 | avg: 3143.15 us | cipher bytes: 394865
[TIMER] aggregator_zero_init_for_X | total: 3047258 us | calls: 1000 | avg: 3047.26 us | cipher bytes: 394865
[TIMER] aggregator_add_encrypted_X_i | total: 8568835 us | calls: 1000 | avg: 8568.83 us | cipher bytes: 394865
[TIMER] aggregator_zero_init_for_delta | total: 3050441 us | calls: 1000 | avg: 3050.44 us | cipher bytes: 394865
[TIMER] aggregator_add_encrypted_delta_i | total: 8567039 us | calls: 1000 | avg: 8567.04 us | cipher bytes: 394865
[TIMER] coordinator_decrypt_X | total: 887061 us | calls: 1000 | avg: 887.061 us
[TIMER] coordinator_decrypt_delta | total: 888916 us | calls: 1000 | avg: 888.916 us
[TIMER] coordinator_one_psm_steering_round | total: 5699646 us | calls: 1000 | avg: 5699.65 us
Checksum sink: 1.53602e+08
Size sink: 2369190000
scheme,part,households,repetitions,cache_mode,total_us,avg_us,calls,cipher_bytes
CKKS,household_encrypt_X_i,250,1000,cold,3165024,3165.02,1000,394865
CKKS,household_encrypt_delta_i,250,1000,cold,3143151,3143.15,1000,394865
CKKS,aggregator_zero_init_for_X,250,1000,cold,3047258,3047.26,1000,394865
CKKS,aggregator_add_encrypted_X_i,250,1000,cold,8568835,8568.83,1000,394865
CKKS,aggregator_zero_init_for_delta,250,1000,cold,3050441,3050.44,1000,394865
CKKS,aggregator_add_encrypted_delta_i,250,1000,cold,8567039,8567.04,1000,394865
CKKS,coordinator_decrypt_X,250,1000,cold,887061,887.061,1000,0
CKKS,coordinator_decrypt_delta,250,1000,cold,888916,888.916,1000,0
CKKS,coordinator_one_psm_steering_round,250,1000,cold,5699646,5699.65,1000,0

 Performance counter stats for './cmake-build-ckks/he_component_bench 250 1000 cold':

   234,672,238,454      task-clock                       #    1.000 CPUs utilized             
             2,986      context-switches                 #   12.724 /sec                      
               801      cpu-migrations                   #    3.413 /sec                      
           135,129      page-faults                      #  575.820 /sec                      
 1,307,812,150,829      instructions                     #    1.24  insn per cycle            
                                                  #    0.01  stalled cycles per insn   
 1,057,486,864,258      cycles                           #    4.506 GHz                       
    10,154,752,616      stalled-cycles-frontend          #    0.96% frontend cycles idle      
   129,369,548,191      branches                         #  551.278 M/sec                     
       742,431,361      branch-misses                    #    0.57% of all branches           

     234.755793865 seconds time elapsed

     234.267646000 seconds user
       0.407877000 seconds sys


