[INFO] Component benchmark
[INFO] Scheme: CKKS
[INFO] Households: 100
[INFO] Repetitions: 1000
[INFO] Cache mode: cold


========================================
Component Benchmark Report
========================================
[TIMER] household_encrypt_X_i | total: 3160369 us | calls: 1000 | avg: 3160.37 us | cipher bytes: 394865
[TIMER] household_encrypt_delta_i | total: 3147681 us | calls: 1000 | avg: 3147.68 us | cipher bytes: 394865
[TIMER] aggregator_zero_init_for_X | total: 3047324 us | calls: 1000 | avg: 3047.32 us | cipher bytes: 394865
[TIMER] aggregator_add_encrypted_X_i | total: 3475764 us | calls: 1000 | avg: 3475.76 us | cipher bytes: 394865
[TIMER] aggregator_zero_init_for_delta | total: 3055474 us | calls: 1000 | avg: 3055.47 us | cipher bytes: 394865
[TIMER] aggregator_add_encrypted_delta_i | total: 3460151 us | calls: 1000 | avg: 3460.15 us | cipher bytes: 394865
[TIMER] coordinator_decrypt_X | total: 891746 us | calls: 1000 | avg: 891.746 us
[TIMER] coordinator_decrypt_delta | total: 888262 us | calls: 1000 | avg: 888.262 us
[TIMER] coordinator_one_psm_steering_round | total: 2223937 us | calls: 1000 | avg: 2223.94 us
Checksum sink: 6.09865e+07
Size sink: 2369190000
scheme,part,households,repetitions,cache_mode,total_us,avg_us,calls,cipher_bytes
CKKS,household_encrypt_X_i,100,1000,cold,3160369,3160.37,1000,394865
CKKS,household_encrypt_delta_i,100,1000,cold,3147681,3147.68,1000,394865
CKKS,aggregator_zero_init_for_X,100,1000,cold,3047324,3047.32,1000,394865
CKKS,aggregator_add_encrypted_X_i,100,1000,cold,3475764,3475.76,1000,394865
CKKS,aggregator_zero_init_for_delta,100,1000,cold,3055474,3055.47,1000,394865
CKKS,aggregator_add_encrypted_delta_i,100,1000,cold,3460151,3460.15,1000,394865
CKKS,coordinator_decrypt_X,100,1000,cold,891746,891.746,1000,0
CKKS,coordinator_decrypt_delta,100,1000,cold,888262,888.262,1000,0
CKKS,coordinator_one_psm_steering_round,100,1000,cold,2223937,2223.94,1000,0

 Performance counter stats for './cmake-build-ckks/he_component_bench 100 1000 cold':

   220,671,813,370      task-clock                       #    1.000 CPUs utilized             
             2,750      context-switches                 #   12.462 /sec                      
               710      cpu-migrations                   #    3.217 /sec                      
           134,818      page-faults                      #  610.943 /sec                      
 1,042,655,736,604      instructions                     #    1.05  insn per cycle            
                                                  #    0.01  stalled cycles per insn   
   995,362,946,648      cycles                           #    4.511 GHz                       
     8,122,688,144      stalled-cycles-frontend          #    0.82% frontend cycles idle      
   109,177,580,167      branches                         #  494.751 M/sec                     
       609,213,267      branch-misses                    #    0.56% of all branches           

     220.744659692 seconds time elapsed

     220.246811000 seconds user
       0.423868000 seconds sys


