[INFO] Component benchmark
[INFO] Scheme: CKKS
[INFO] Households: 500
[INFO] Repetitions: 1000
[INFO] Cache mode: cold


========================================
Component Benchmark Report
========================================
[TIMER] household_encrypt_X_i | total: 3165831 us | calls: 1000 | avg: 3165.83 us | cipher bytes: 394865
[TIMER] household_encrypt_delta_i | total: 3154178 us | calls: 1000 | avg: 3154.18 us | cipher bytes: 394865
[TIMER] aggregator_zero_init_for_X | total: 3043848 us | calls: 1000 | avg: 3043.85 us | cipher bytes: 394865
[TIMER] aggregator_add_encrypted_X_i | total: 17206753 us | calls: 1000 | avg: 17206.8 us | cipher bytes: 394865
[TIMER] aggregator_zero_init_for_delta | total: 3047749 us | calls: 1000 | avg: 3047.75 us | cipher bytes: 394865
[TIMER] aggregator_add_encrypted_delta_i | total: 17222271 us | calls: 1000 | avg: 17222.3 us | cipher bytes: 394865
[TIMER] coordinator_decrypt_X | total: 881784 us | calls: 1000 | avg: 881.784 us
[TIMER] coordinator_decrypt_delta | total: 886731 us | calls: 1000 | avg: 886.731 us
[TIMER] coordinator_one_psm_steering_round | total: 12131385 us | calls: 1000 | avg: 12131.4 us
Checksum sink: 3.06405e+08
Size sink: 2369190000
scheme,part,households,repetitions,cache_mode,total_us,avg_us,calls,cipher_bytes
CKKS,household_encrypt_X_i,500,1000,cold,3165831,3165.83,1000,394865
CKKS,household_encrypt_delta_i,500,1000,cold,3154178,3154.18,1000,394865
CKKS,aggregator_zero_init_for_X,500,1000,cold,3043848,3043.85,1000,394865
CKKS,aggregator_add_encrypted_X_i,500,1000,cold,17206753,17206.8,1000,394865
CKKS,aggregator_zero_init_for_delta,500,1000,cold,3047749,3047.75,1000,394865
CKKS,aggregator_add_encrypted_delta_i,500,1000,cold,17222271,17222.3,1000,394865
CKKS,coordinator_decrypt_X,500,1000,cold,881784,881.784,1000,0
CKKS,coordinator_decrypt_delta,500,1000,cold,886731,886.731,1000,0
CKKS,coordinator_one_psm_steering_round,500,1000,cold,12131385,12131.4,1000,0

 Performance counter stats for './cmake-build-ckks/he_component_bench 500 1000 cold':

   258,378,209,830      task-clock                       #    1.000 CPUs utilized             
             2,955      context-switches                 #   11.437 /sec                      
               562      cpu-migrations                   #    2.175 /sec                      
           135,666      page-faults                      #  525.067 /sec                      
 1,756,648,761,735      instructions                     #    1.51  insn per cycle            
                                                  #    0.01  stalled cycles per insn   
 1,161,814,899,347      cycles                           #    4.497 GHz                       
    13,592,253,445      stalled-cycles-frontend          #    1.17% frontend cycles idle      
   164,404,584,121      branches                         #  636.294 M/sec                     
       945,441,701      branch-misses                    #    0.58% of all branches           

     258.453104646 seconds time elapsed

     257.928926000 seconds user
       0.442876000 seconds sys


