[INFO] Component benchmark
[INFO] Scheme: PLAIN
[INFO] Households: 500
[INFO] Repetitions: 1000
[INFO] Cache mode: cold


========================================
Component Benchmark Report
========================================
[TIMER] household_encrypt_X_i | total: 0 us | calls: 1000 | avg: 0 us
[TIMER] household_encrypt_delta_i | total: 0 us | calls: 1000 | avg: 0 us
[TIMER] aggregator_add_plain_X_i | total: 18648 us | calls: 1000 | avg: 18.648 us
[TIMER] aggregator_add_plain_delta_i | total: 18012 us | calls: 1000 | avg: 18.012 us
[TIMER] coordinator_decrypt_X | total: 0 us | calls: 1000 | avg: 0 us
[TIMER] coordinator_decrypt_delta | total: 0 us | calls: 1000 | avg: 0 us
[TIMER] coordinator_one_psm_steering_round | total: 12020333 us | calls: 1000 | avg: 12020.3 us
Checksum sink: 3.06405e+08
Size sink: 0
scheme,part,households,repetitions,cache_mode,total_us,avg_us,calls,cipher_bytes
PLAIN,household_encrypt_X_i,500,1000,cold,0,0,1000,0
PLAIN,household_encrypt_delta_i,500,1000,cold,0,0,1000,0
PLAIN,aggregator_add_plain_X_i,500,1000,cold,18648,18.648,1000,0
PLAIN,aggregator_add_plain_delta_i,500,1000,cold,18012,18.012,1000,0
PLAIN,coordinator_decrypt_X,500,1000,cold,0,0,1000,0
PLAIN,coordinator_decrypt_delta,500,1000,cold,0,0,1000,0
PLAIN,coordinator_one_psm_steering_round,500,1000,cold,12020333,12020.3,1000,0

 Performance counter stats for './cmake-build-plain/he_component_bench 500 1000 cold':

    77,696,446,459      task-clock                       #    1.000 CPUs utilized             
             1,056      context-switches                 #   13.591 /sec                      
               302      cpu-migrations                   #    3.887 /sec                      
           132,338      page-faults                      #    1.703 K/sec                     
   277,858,238,294      instructions                     #    0.80  insn per cycle            
                                                  #    0.02  stalled cycles per insn   
   348,015,608,478      cycles                           #    4.479 GHz                       
     5,999,374,477      stalled-cycles-frontend          #    1.72% frontend cycles idle      
    44,342,645,759      branches                         #  570.717 M/sec                     
       443,737,679      branch-misses                    #    1.00% of all branches           

      77.727941566 seconds time elapsed

      77.418644000 seconds user
       0.276891000 seconds sys


