[INFO] Component benchmark
[INFO] Scheme: PLAIN
[INFO] Households: 50
[INFO] Repetitions: 1000
[INFO] Cache mode: cold


========================================
Component Benchmark Report
========================================
[TIMER] household_encrypt_X_i | total: 0 us | calls: 1000 | avg: 0 us
[TIMER] household_encrypt_delta_i | total: 0 us | calls: 1000 | avg: 0 us
[TIMER] aggregator_add_plain_X_i | total: 2206 us | calls: 1000 | avg: 2.206 us
[TIMER] aggregator_add_plain_delta_i | total: 2216 us | calls: 1000 | avg: 2.216 us
[TIMER] coordinator_decrypt_X | total: 0 us | calls: 1000 | avg: 0 us
[TIMER] coordinator_decrypt_delta | total: 0 us | calls: 1000 | avg: 0 us
[TIMER] coordinator_one_psm_steering_round | total: 1305477 us | calls: 1000 | avg: 1305.48 us
Checksum sink: 3.15715e+07
Size sink: 0
scheme,part,households,repetitions,cache_mode,total_us,avg_us,calls,cipher_bytes
PLAIN,household_encrypt_X_i,50,1000,cold,0,0,1000,0
PLAIN,household_encrypt_delta_i,50,1000,cold,0,0,1000,0
PLAIN,aggregator_add_plain_X_i,50,1000,cold,2206,2.206,1000,0
PLAIN,aggregator_add_plain_delta_i,50,1000,cold,2216,2.216,1000,0
PLAIN,coordinator_decrypt_X,50,1000,cold,0,0,1000,0
PLAIN,coordinator_decrypt_delta,50,1000,cold,0,0,1000,0
PLAIN,coordinator_one_psm_steering_round,50,1000,cold,1305477,1305.48,1000,0

 Performance counter stats for './cmake-build-plain/he_component_bench 50 1000 cold':

    64,543,147,418      task-clock                       #    1.000 CPUs utilized             
               842      context-switches                 #   13.046 /sec                      
               265      cpu-migrations                   #    4.106 /sec                      
           131,360      page-faults                      #    2.035 K/sec                     
   188,679,632,773      instructions                     #    0.65  insn per cycle            
                                                  #    0.01  stalled cycles per insn   
   291,814,327,226      cycles                           #    4.521 GHz                       
     1,793,332,712      stalled-cycles-frontend          #    0.61% frontend cycles idle      
    27,570,794,482      branches                         #  427.168 M/sec                     
        95,426,469      branch-misses                    #    0.35% of all branches           

      64.567557541 seconds time elapsed

      64.257470000 seconds user
       0.285899000 seconds sys


