[INFO] Component benchmark
[INFO] Scheme: PLAIN
[INFO] Households: 10
[INFO] Repetitions: 1000
[INFO] Cache mode: cold


========================================
Component Benchmark Report
========================================
[TIMER] household_encrypt_X_i | total: 0 us | calls: 1000 | avg: 0 us
[TIMER] household_encrypt_delta_i | total: 0 us | calls: 1000 | avg: 0 us
[TIMER] aggregator_add_plain_X_i | total: 774 us | calls: 1000 | avg: 0.774 us
[TIMER] aggregator_add_plain_delta_i | total: 763 us | calls: 1000 | avg: 0.763 us
[TIMER] coordinator_decrypt_X | total: 0 us | calls: 1000 | avg: 0 us
[TIMER] coordinator_decrypt_delta | total: 0 us | calls: 1000 | avg: 0 us
[TIMER] coordinator_one_psm_steering_round | total: 265363 us | calls: 1000 | avg: 265.363 us
Checksum sink: 7.87631e+06
Size sink: 0
scheme,part,households,repetitions,cache_mode,total_us,avg_us,calls,cipher_bytes
PLAIN,household_encrypt_X_i,10,1000,cold,0,0,1000,0
PLAIN,household_encrypt_delta_i,10,1000,cold,0,0,1000,0
PLAIN,aggregator_add_plain_X_i,10,1000,cold,774,0.774,1000,0
PLAIN,aggregator_add_plain_delta_i,10,1000,cold,763,0.763,1000,0
PLAIN,coordinator_decrypt_X,10,1000,cold,0,0,1000,0
PLAIN,coordinator_decrypt_delta,10,1000,cold,0,0,1000,0
PLAIN,coordinator_one_psm_steering_round,10,1000,cold,265363,265.363,1000,0

 Performance counter stats for './cmake-build-plain/he_component_bench 10 1000 cold':

    63,484,257,264      task-clock                       #    1.000 CPUs utilized             
               814      context-switches                 #   12.822 /sec                      
               250      cpu-migrations                   #    3.938 /sec                      
           131,265      page-faults                      #    2.068 K/sec                     
   179,784,776,535      instructions                     #    0.63  insn per cycle            
                                                  #    0.01  stalled cycles per insn   
   287,231,129,244      cycles                           #    4.524 GHz                       
     1,406,777,791      stalled-cycles-frontend          #    0.49% frontend cycles idle      
    25,878,161,132      branches                         #  407.631 M/sec                     
        50,717,282      branch-misses                    #    0.20% of all branches           

      63.509389940 seconds time elapsed

      63.198447000 seconds user
       0.285893000 seconds sys


