[INFO] H/B/C full-convergence benchmark
[INFO] Scheme: BFV
[INFO] Households: 500
[INFO] Simulations: 1000
[INFO] Cache mode: cold
[INFO] Cold mode flushes cache once before each simulation, matching full-run benchmark style.
[INFO] H timers measure household planning/acceptance and, for HE builds, household encryption.
[INFO] B timers measure aggregation by initializing from the first submitted vector/ciphertext and adding only remaining submissions.
[INFO] C timers measure coordinator decrypt and control logic only.
[INFO] A, the standalone PC/Raspberry Pi encryption-only benchmark, should still be run separately.


========================================
H/B/C Full-Convergence Benchmark Report
========================================
[TIMER] H_initial_device_planning | total: 5764741 us | count: 500000 | avg: 11.5295 us
[TIMER] H_encrypt_X_i | total: 1292760607 us | count: 500000 | avg: 2585.52 us | cipher bytes: 526449
[TIMER] H_plan_compute | total: 29181188 us | count: 1447500 | avg: 20.1597 us
[TIMER] H_accept_compute | total: 74690 us | count: 852016 | avg: 0.0876627 us
[TIMER] H_encrypt_delta_i | total: 2201838648 us | count: 852016 | avg: 2584.27 us | cipher bytes: 526449
[TIMER] H_total_household_side | total: 3529619874 us | count: 1000 | avg: 3.52962e+06 us | cipher bytes: 526449
[TIMER] B_init_X_from_first_ciphertext | total: 65545 us | count: 1000 | avg: 65.545 us | cipher bytes: 526449
[TIMER] B_add_X_remaining | total: 27910373 us | count: 499000 | avg: 55.9326 us | cipher bytes: 526449
[TIMER] B_init_delta_from_first_ciphertext | total: 190699 us | count: 2895 | avg: 65.8718 us | cipher bytes: 526449
[TIMER] B_add_delta_remaining | total: 47543746 us | count: 849121 | avg: 55.9917 us | cipher bytes: 526449
[TIMER] B_total_aggregation | total: 75710363 us | count: 1000 | avg: 75710.4 us | cipher bytes: 526449
[TIMER] C_decrypt_X | total: 1032955 us | count: 1000 | avg: 1032.95 us
[TIMER] C_decrypt_delta | total: 2980198 us | count: 2895 | avg: 1029.43 us
[TIMER] C_control_logic_until_convergence | total: 33923 us | count: 2895 | avg: 11.7178 us
[TIMER] C_total_decrypt_plus_control | total: 4047076 us | count: 1000 | avg: 4047.08 us
[TIMER] SIM_total_measured_H_B_C | total: 3609377313 us | count: 1000 | avg: 3.60938e+06 us | cipher bytes: 526449
[SUMMARY] total iterations: 2895
[SUMMARY] avg iterations per simulation: 2.895
[SUMMARY] accepted delta ciphertexts/plain updates: 852016
[SUMMARY] avg accepted deltas per simulation: 852.016
[SUMMARY] checksum: 2.75269e+09
[SUMMARY] size sink: 0 double sink: 0
scheme,metric,households,simulations,cache_mode,total_us,avg_us,count,cipher_bytes
BFV,H_initial_device_planning,500,1000,cold,5764741,11.529,500000,0
BFV,H_encrypt_X_i,500,1000,cold,1292760607,2585.521,500000,526449
BFV,H_plan_compute,500,1000,cold,29181188,20.160,1447500,0
BFV,H_accept_compute,500,1000,cold,74690,0.088,852016,0
BFV,H_encrypt_delta_i,500,1000,cold,2201838648,2584.269,852016,526449
BFV,H_total_household_side,500,1000,cold,3529619874,3529619.874,1000,526449
BFV,B_init_X_from_first_ciphertext,500,1000,cold,65545,65.545,1000,526449
BFV,B_add_X_remaining,500,1000,cold,27910373,55.933,499000,526449
BFV,B_init_delta_from_first_ciphertext,500,1000,cold,190699,65.872,2895,526449
BFV,B_add_delta_remaining,500,1000,cold,47543746,55.992,849121,526449
BFV,B_total_aggregation,500,1000,cold,75710363,75710.363,1000,526449
BFV,C_decrypt_X,500,1000,cold,1032955,1032.955,1000,0
BFV,C_decrypt_delta,500,1000,cold,2980198,1029.429,2895,0
BFV,C_control_logic_until_convergence,500,1000,cold,33923,11.718,2895,0
BFV,C_total_decrypt_plus_control,500,1000,cold,4047076,4047.076,1000,0
BFV,SIM_total_measured_H_B_C,500,1000,cold,3609377313,3609377.313,1000,526449
SUMMARY,total_iterations,500,1000,cold,2895,2.895,1000,0
SUMMARY,accepted_delta_count,500,1000,cold,852016,852.016,1000,0

 Performance counter stats for './cmake-build-bfv/he_component_bench 500 1000 cold quiet':

 3,635,824,454,952      task-clock                       #    1.000 CPUs utilized             
            37,430      context-switches                 #   10.295 /sec                      
               543      cpu-migrations                   #    0.149 /sec                      
           265,150      page-faults                      #   72.927 /sec                      
60,586,286,512,983      instructions                     #    3.74  insn per cycle            
                                                  #    0.01  stalled cycles per insn   
16,182,996,008,137      cycles                           #    4.451 GHz                       
   310,252,144,176      stalled-cycles-frontend          #    1.92% frontend cycles idle      
 3,617,416,036,272      branches                         #  994.937 M/sec                     
    35,381,119,403      branch-misses                    #    0.98% of all branches           

    3636.465990352 seconds time elapsed

    3622.858691000 seconds user
      12.696820000 seconds sys


