[INFO] H/B/C full-convergence benchmark
[INFO] Scheme: BFV
[INFO] Households: 10
[INFO] Simulations: 1000
[INFO] Cache mode: cold
[INFO] Cold mode flushes cache once before each simulation, matching full-run benchmark style.
[INFO] H timers measure household planning/acceptance and, for HE builds, household encryption.
[INFO] B timers measure aggregation by initializing from the first submitted vector/ciphertext and adding only remaining submissions.
[INFO] C timers measure coordinator decrypt and control logic only.
[INFO] A, the standalone PC/Raspberry Pi encryption-only benchmark, should still be run separately.


========================================
H/B/C Full-Convergence Benchmark Report
========================================
[TIMER] H_initial_device_planning | total: 150287 us | count: 10000 | avg: 15.0287 us
[TIMER] H_encrypt_X_i | total: 26146740 us | count: 10000 | avg: 2614.67 us | cipher bytes: 526449
[TIMER] H_plan_compute | total: 2835127 us | count: 110380 | avg: 25.6852 us
[TIMER] H_accept_compute | total: 463 us | count: 24733 | avg: 0.0187199 us
[TIMER] H_encrypt_delta_i | total: 63521144 us | count: 24733 | avg: 2568.27 us | cipher bytes: 526449
[TIMER] H_total_household_side | total: 92653761 us | count: 1000 | avg: 92653.8 us | cipher bytes: 526449
[TIMER] B_init_X_from_first_ciphertext | total: 47220 us | count: 1000 | avg: 47.22 us | cipher bytes: 526449
[TIMER] B_add_X_remaining | total: 472054 us | count: 9000 | avg: 52.4504 us | cipher bytes: 526449
[TIMER] B_init_delta_from_first_ciphertext | total: 167280 us | count: 11002 | avg: 15.2045 us | cipher bytes: 526449
[TIMER] B_add_delta_remaining | total: 696483 us | count: 13731 | avg: 50.7234 us | cipher bytes: 526449
[TIMER] B_total_aggregation | total: 1383037 us | count: 1000 | avg: 1383.04 us | cipher bytes: 526449
[TIMER] C_decrypt_X | total: 1021142 us | count: 1000 | avg: 1021.14 us
[TIMER] C_decrypt_delta | total: 10781588 us | count: 11002 | avg: 979.966 us
[TIMER] C_control_logic_until_convergence | total: 762 us | count: 11038 | avg: 0.0690342 us
[TIMER] C_total_decrypt_plus_control | total: 11803492 us | count: 1000 | avg: 11803.5 us
[TIMER] SIM_total_measured_H_B_C | total: 105840290 us | count: 1000 | avg: 105840 us | cipher bytes: 526449
[SUMMARY] total iterations: 11038
[SUMMARY] avg iterations per simulation: 11.038
[SUMMARY] accepted delta ciphertexts/plain updates: 24733
[SUMMARY] avg accepted deltas per simulation: 24.733
[SUMMARY] checksum: 5.50524e+07
[SUMMARY] size sink: 0 double sink: 0
scheme,metric,households,simulations,cache_mode,total_us,avg_us,count,cipher_bytes
BFV,H_initial_device_planning,10,1000,cold,150287,15.029,10000,0
BFV,H_encrypt_X_i,10,1000,cold,26146740,2614.674,10000,526449
BFV,H_plan_compute,10,1000,cold,2835127,25.685,110380,0
BFV,H_accept_compute,10,1000,cold,463,0.019,24733,0
BFV,H_encrypt_delta_i,10,1000,cold,63521144,2568.275,24733,526449
BFV,H_total_household_side,10,1000,cold,92653761,92653.761,1000,526449
BFV,B_init_X_from_first_ciphertext,10,1000,cold,47220,47.220,1000,526449
BFV,B_add_X_remaining,10,1000,cold,472054,52.450,9000,526449
BFV,B_init_delta_from_first_ciphertext,10,1000,cold,167280,15.205,11002,526449
BFV,B_add_delta_remaining,10,1000,cold,696483,50.723,13731,526449
BFV,B_total_aggregation,10,1000,cold,1383037,1383.037,1000,526449
BFV,C_decrypt_X,10,1000,cold,1021142,1021.142,1000,0
BFV,C_decrypt_delta,10,1000,cold,10781588,979.966,11002,0
BFV,C_control_logic_until_convergence,10,1000,cold,762,0.069,11038,0
BFV,C_total_decrypt_plus_control,10,1000,cold,11803492,11803.492,1000,0
BFV,SIM_total_measured_H_B_C,10,1000,cold,105840290,105840.290,1000,526449
SUMMARY,total_iterations,10,1000,cold,11038,11.038,1000,0
SUMMARY,accepted_delta_count,10,1000,cold,24733,24.733,1000,0

 Performance counter stats for './cmake-build-bfv/he_component_bench 10 1000 cold quiet':

   128,689,518,161      task-clock                       #    1.000 CPUs utilized             
             1,387      context-switches                 #   10.778 /sec                      
                27      cpu-migrations                   #    0.210 /sec                      
           138,369      page-faults                      #    1.075 K/sec                     
 1,831,732,904,699      instructions                     #    3.19  insn per cycle            
                                                  #    0.01  stalled cycles per insn   
   574,799,709,867      cycles                           #    4.467 GHz                       
    10,083,809,740      stalled-cycles-frontend          #    1.75% frontend cycles idle      
   113,618,508,327      branches                         #  882.889 M/sec                     
     1,062,921,062      branch-misses                    #    0.94% of all branches           

     128.716923263 seconds time elapsed

     128.004033000 seconds user
       0.675810000 seconds sys


