[INFO] H/B/C full-convergence benchmark
[INFO] Scheme: BFV
[INFO] Households: 1000
[INFO] Simulations: 1000
[INFO] Cache mode: cold
[INFO] Cold mode flushes cache once before each simulation, matching full-run benchmark style.
[INFO] H timers measure household planning/acceptance and, for HE builds, household encryption.
[INFO] B timers measure aggregation by initializing from the first submitted vector/ciphertext and adding only remaining submissions.
[INFO] C timers measure coordinator decrypt and control logic only.
[INFO] A, the standalone PC/Raspberry Pi encryption-only benchmark, should still be run separately.


========================================
H/B/C Full-Convergence Benchmark Report
========================================
[TIMER] H_initial_device_planning | total: 11388527 us | count: 1000000 | avg: 11.3885 us
[TIMER] H_encrypt_X_i | total: 2585460616 us | count: 1000000 | avg: 2585.46 us | cipher bytes: 526449
[TIMER] H_plan_compute | total: 55713868 us | count: 2743000 | avg: 20.3113 us
[TIMER] H_accept_compute | total: 158233 us | count: 1681875 | avg: 0.0940813 us
[TIMER] H_encrypt_delta_i | total: 4346981118 us | count: 1681875 | avg: 2584.6 us | cipher bytes: 526449
[TIMER] H_total_household_side | total: 6999702362 us | count: 1000 | avg: 6.9997e+06 us | cipher bytes: 526449
[TIMER] B_init_X_from_first_ciphertext | total: 65188 us | count: 1000 | avg: 65.188 us | cipher bytes: 526449
[TIMER] B_add_X_remaining | total: 55825320 us | count: 999000 | avg: 55.8812 us | cipher bytes: 526449
[TIMER] B_init_delta_from_first_ciphertext | total: 177093 us | count: 2743 | avg: 64.5618 us | cipher bytes: 526449
[TIMER] B_add_delta_remaining | total: 94784282 us | count: 1679132 | avg: 56.4484 us | cipher bytes: 526449
[TIMER] B_total_aggregation | total: 150851883 us | count: 1000 | avg: 150852 us | cipher bytes: 526449
[TIMER] C_decrypt_X | total: 1043289 us | count: 1000 | avg: 1043.29 us
[TIMER] C_decrypt_delta | total: 2842119 us | count: 2743 | avg: 1036.14 us
[TIMER] C_control_logic_until_convergence | total: 67578 us | count: 2743 | avg: 24.6365 us
[TIMER] C_total_decrypt_plus_control | total: 3952986 us | count: 1000 | avg: 3952.99 us
[TIMER] SIM_total_measured_H_B_C | total: 7154507231 us | count: 1000 | avg: 7.15451e+06 us | cipher bytes: 526449
[SUMMARY] total iterations: 2743
[SUMMARY] avg iterations per simulation: 2.743
[SUMMARY] accepted delta ciphertexts/plain updates: 1681875
[SUMMARY] avg accepted deltas per simulation: 1681.88
[SUMMARY] checksum: 5.50537e+09
[SUMMARY] size sink: 0 double sink: 0
scheme,metric,households,simulations,cache_mode,total_us,avg_us,count,cipher_bytes
BFV,H_initial_device_planning,1000,1000,cold,11388527,11.389,1000000,0
BFV,H_encrypt_X_i,1000,1000,cold,2585460616,2585.461,1000000,526449
BFV,H_plan_compute,1000,1000,cold,55713868,20.311,2743000,0
BFV,H_accept_compute,1000,1000,cold,158233,0.094,1681875,0
BFV,H_encrypt_delta_i,1000,1000,cold,4346981118,2584.604,1681875,526449
BFV,H_total_household_side,1000,1000,cold,6999702362,6999702.362,1000,526449
BFV,B_init_X_from_first_ciphertext,1000,1000,cold,65188,65.188,1000,526449
BFV,B_add_X_remaining,1000,1000,cold,55825320,55.881,999000,526449
BFV,B_init_delta_from_first_ciphertext,1000,1000,cold,177093,64.562,2743,526449
BFV,B_add_delta_remaining,1000,1000,cold,94784282,56.448,1679132,526449
BFV,B_total_aggregation,1000,1000,cold,150851883,150851.883,1000,526449
BFV,C_decrypt_X,1000,1000,cold,1043289,1043.289,1000,0
BFV,C_decrypt_delta,1000,1000,cold,2842119,1036.135,2743,0
BFV,C_control_logic_until_convergence,1000,1000,cold,67578,24.637,2743,0
BFV,C_total_decrypt_plus_control,1000,1000,cold,3952986,3952.986,1000,0
BFV,SIM_total_measured_H_B_C,1000,1000,cold,7154507231,7154507.231,1000,526449
SUMMARY,total_iterations,1000,1000,cold,2743,2.743,1000,0
SUMMARY,accepted_delta_count,1000,1000,cold,1681875,1681.875,1000,0

 Performance counter stats for './cmake-build-bfv/he_component_bench 1000 1000 cold quiet':

 7,183,921,110,661      task-clock                       #    1.000 CPUs utilized             
            67,345      context-switches                 #    9.374 /sec                      
             1,051      cpu-migrations                   #    0.146 /sec                      
           472,458      page-faults                      #   65.766 /sec                      
120,039,869,104,117      instructions                     #    3.75  insn per cycle            
                                                  #    0.01  stalled cycles per insn   
31,983,067,604,874      cycles                           #    4.452 GHz                       
   620,554,567,198      stalled-cycles-frontend          #    1.94% frontend cycles idle      
 7,161,502,012,308      branches                         #  996.879 M/sec                     
    69,910,716,272      branch-misses                    #    0.98% of all branches           

    7185.180360361 seconds time elapsed

    7157.267628000 seconds user
      26.140552000 seconds sys


