[INFO] H/B/C full-convergence benchmark
[INFO] Scheme: CKKS
[INFO] Households: 100
[INFO] Simulations: 1000
[INFO] Cache mode: cold
[INFO] Cold mode flushes cache once before each simulation, matching full-run benchmark style.
[INFO] H timers measure household planning/acceptance and, for HE builds, household encryption.
[INFO] B timers measure aggregation by initializing from the first submitted vector/ciphertext and adding only remaining submissions.
[INFO] C timers measure coordinator decrypt and control logic only.
[INFO] A, the standalone PC/Raspberry Pi encryption-only benchmark, should still be run separately.


========================================
H/B/C Full-Convergence Benchmark Report
========================================
[TIMER] H_initial_device_planning | total: 1196133 us | count: 100000 | avg: 11.9613 us
[TIMER] H_encrypt_X_i | total: 306092034 us | count: 100000 | avg: 3060.92 us | cipher bytes: 394865
[TIMER] H_plan_compute | total: 7096155 us | count: 347100 | avg: 20.4441 us
[TIMER] H_accept_compute | total: 10628 us | count: 172339 | avg: 0.0616692 us
[TIMER] H_encrypt_delta_i | total: 526328194 us | count: 172339 | avg: 3054.03 us | cipher bytes: 394865
[TIMER] H_total_household_side | total: 840723144 us | count: 1000 | avg: 840723 us | cipher bytes: 394865
[TIMER] B_init_X_from_first_ciphertext | total: 43345 us | count: 1000 | avg: 43.345 us | cipher bytes: 394865
[TIMER] B_add_X_remaining | total: 4123795 us | count: 99000 | avg: 41.6545 us | cipher bytes: 394865
[TIMER] B_init_delta_from_first_ciphertext | total: 107851 us | count: 3471 | avg: 31.072 us | cipher bytes: 394865
[TIMER] B_add_delta_remaining | total: 6952558 us | count: 168868 | avg: 41.1716 us | cipher bytes: 394865
[TIMER] B_total_aggregation | total: 11227549 us | count: 1000 | avg: 11227.5 us | cipher bytes: 394865
[TIMER] C_decrypt_X | total: 874779 us | count: 1000 | avg: 874.779 us
[TIMER] C_decrypt_delta | total: 3022511 us | count: 3471 | avg: 870.79 us
[TIMER] C_control_logic_until_convergence | total: 6164 us | count: 3471 | avg: 1.77586 us
[TIMER] C_total_decrypt_plus_control | total: 3903454 us | count: 1000 | avg: 3903.45 us
[TIMER] SIM_total_measured_H_B_C | total: 855854147 us | count: 1000 | avg: 855854 us | cipher bytes: 394865
[SUMMARY] total iterations: 3471
[SUMMARY] avg iterations per simulation: 3.471
[SUMMARY] accepted delta ciphertexts/plain updates: 172339
[SUMMARY] avg accepted deltas per simulation: 172.339
[SUMMARY] checksum: 5.50415e+08
[SUMMARY] size sink: 0 double sink: 0
scheme,metric,households,simulations,cache_mode,total_us,avg_us,count,cipher_bytes
CKKS,H_initial_device_planning,100,1000,cold,1196133,11.961,100000,0
CKKS,H_encrypt_X_i,100,1000,cold,306092034,3060.920,100000,394865
CKKS,H_plan_compute,100,1000,cold,7096155,20.444,347100,0
CKKS,H_accept_compute,100,1000,cold,10628,0.062,172339,0
CKKS,H_encrypt_delta_i,100,1000,cold,526328194,3054.028,172339,394865
CKKS,H_total_household_side,100,1000,cold,840723144,840723.144,1000,394865
CKKS,B_init_X_from_first_ciphertext,100,1000,cold,43345,43.345,1000,394865
CKKS,B_add_X_remaining,100,1000,cold,4123795,41.654,99000,394865
CKKS,B_init_delta_from_first_ciphertext,100,1000,cold,107851,31.072,3471,394865
CKKS,B_add_delta_remaining,100,1000,cold,6952558,41.172,168868,394865
CKKS,B_total_aggregation,100,1000,cold,11227549,11227.549,1000,394865
CKKS,C_decrypt_X,100,1000,cold,874779,874.779,1000,0
CKKS,C_decrypt_delta,100,1000,cold,3022511,870.790,3471,0
CKKS,C_control_logic_until_convergence,100,1000,cold,6164,1.776,3471,0
CKKS,C_total_decrypt_plus_control,100,1000,cold,3903454,3903.454,1000,0
CKKS,SIM_total_measured_H_B_C,100,1000,cold,855854147,855854.147,1000,394865
SUMMARY,total_iterations,100,1000,cold,3471,3.471,1000,0
SUMMARY,accepted_delta_count,100,1000,cold,172339,172.339,1000,0

 Performance counter stats for './cmake-build-ckks/he_component_bench 100 1000 cold quiet':

   879,312,942,205      task-clock                       #    1.000 CPUs utilized             
             8,478      context-switches                 #    9.642 /sec                      
               124      cpu-migrations                   #    0.141 /sec                      
           153,871      page-faults                      #  174.990 /sec                      
14,387,054,940,899      instructions                     #    3.68  insn per cycle            
                                                  #    0.01  stalled cycles per insn   
 3,911,955,537,856      cycles                           #    4.449 GHz                       
   154,874,817,198      stalled-cycles-frontend          #    3.96% frontend cycles idle      
   808,022,618,237      branches                         #  918.925 M/sec                     
    21,213,261,736      branch-misses                    #    2.63% of all branches           

     879.457559783 seconds time elapsed

     876.428537000 seconds user
       2.826353000 seconds sys


