[INFO] H/B/C full-convergence benchmark
[INFO] Scheme: CKKS
[INFO] Households: 1000
[INFO] Simulations: 1000
[INFO] Cache mode: cold
[INFO] Cold mode flushes cache once before each simulation, matching full-run benchmark style.
[INFO] H timers measure household planning/acceptance and, for HE builds, household encryption.
[INFO] B timers measure aggregation by initializing from the first submitted vector/ciphertext and adding only remaining submissions.
[INFO] C timers measure coordinator decrypt and control logic only.
[INFO] A, the standalone PC/Raspberry Pi encryption-only benchmark, should still be run separately.


========================================
H/B/C Full-Convergence Benchmark Report
========================================
[TIMER] H_initial_device_planning | total: 11610036 us | count: 1000000 | avg: 11.61 us
[TIMER] H_encrypt_X_i | total: 3053404310 us | count: 1000000 | avg: 3053.4 us | cipher bytes: 394865
[TIMER] H_plan_compute | total: 52232397 us | count: 2743000 | avg: 19.0421 us
[TIMER] H_accept_compute | total: 81097 us | count: 1673262 | avg: 0.0484664 us
[TIMER] H_encrypt_delta_i | total: 5102288466 us | count: 1673262 | avg: 3049.31 us | cipher bytes: 394865
[TIMER] H_total_household_side | total: 8219616306 us | count: 1000 | avg: 8.21962e+06 us | cipher bytes: 394865
[TIMER] B_init_X_from_first_ciphertext | total: 42190 us | count: 1000 | avg: 42.19 us | cipher bytes: 394865
[TIMER] B_add_X_remaining | total: 41971869 us | count: 999000 | avg: 42.0139 us | cipher bytes: 394865
[TIMER] B_init_delta_from_first_ciphertext | total: 109664 us | count: 2743 | avg: 39.9796 us | cipher bytes: 394865
[TIMER] B_add_delta_remaining | total: 70776722 us | count: 1670519 | avg: 42.3681 us | cipher bytes: 394865
[TIMER] B_total_aggregation | total: 112900445 us | count: 1000 | avg: 112900 us | cipher bytes: 394865
[TIMER] C_decrypt_X | total: 889382 us | count: 1000 | avg: 889.382 us
[TIMER] C_decrypt_delta | total: 2433960 us | count: 2743 | avg: 887.335 us
[TIMER] C_control_logic_until_convergence | total: 61927 us | count: 2743 | avg: 22.5764 us
[TIMER] C_total_decrypt_plus_control | total: 3385269 us | count: 1000 | avg: 3385.27 us
[TIMER] SIM_total_measured_H_B_C | total: 8335902020 us | count: 1000 | avg: 8.3359e+06 us | cipher bytes: 394865
[SUMMARY] total iterations: 2743
[SUMMARY] avg iterations per simulation: 2.743
[SUMMARY] accepted delta ciphertexts/plain updates: 1673262
[SUMMARY] avg accepted deltas per simulation: 1673.26
[SUMMARY] checksum: 5.50537e+09
[SUMMARY] size sink: 0 double sink: 0
scheme,metric,households,simulations,cache_mode,total_us,avg_us,count,cipher_bytes
CKKS,H_initial_device_planning,1000,1000,cold,11610036,11.610,1000000,0
CKKS,H_encrypt_X_i,1000,1000,cold,3053404310,3053.404,1000000,394865
CKKS,H_plan_compute,1000,1000,cold,52232397,19.042,2743000,0
CKKS,H_accept_compute,1000,1000,cold,81097,0.048,1673262,0
CKKS,H_encrypt_delta_i,1000,1000,cold,5102288466,3049.306,1673262,394865
CKKS,H_total_household_side,1000,1000,cold,8219616306,8219616.306,1000,394865
CKKS,B_init_X_from_first_ciphertext,1000,1000,cold,42190,42.190,1000,394865
CKKS,B_add_X_remaining,1000,1000,cold,41971869,42.014,999000,394865
CKKS,B_init_delta_from_first_ciphertext,1000,1000,cold,109664,39.980,2743,394865
CKKS,B_add_delta_remaining,1000,1000,cold,70776722,42.368,1670519,394865
CKKS,B_total_aggregation,1000,1000,cold,112900445,112900.445,1000,394865
CKKS,C_decrypt_X,1000,1000,cold,889382,889.382,1000,0
CKKS,C_decrypt_delta,1000,1000,cold,2433960,887.335,2743,0
CKKS,C_control_logic_until_convergence,1000,1000,cold,61927,22.576,2743,0
CKKS,C_total_decrypt_plus_control,1000,1000,cold,3385269,3385.269,1000,0
CKKS,SIM_total_measured_H_B_C,1000,1000,cold,8335902020,8335902.020,1000,394865
SUMMARY,total_iterations,1000,1000,cold,2743,2.743,1000,0
SUMMARY,accepted_delta_count,1000,1000,cold,1673262,1673.262,1000,0

 Performance counter stats for './cmake-build-ckks/he_component_bench 1000 1000 cold quiet':

 8,363,882,709,191      task-clock                       #    1.000 CPUs utilized             
            86,905      context-switches                 #   10.391 /sec                      
               950      cpu-migrations                   #    0.114 /sec                      
           398,759      page-faults                      #   47.676 /sec                      
140,062,468,121,350      instructions                     #    3.76  insn per cycle            
                                                  #    0.01  stalled cycles per insn   
37,209,103,264,016      cycles                           #    4.449 GHz                       
 1,503,191,010,363      stalled-cycles-frontend          #    4.04% frontend cycles idle      
 7,777,388,720,911      branches                         #  929.878 M/sec                     
   205,655,933,696      branch-misses                    #    2.64% of all branches           

    8365.203207259 seconds time elapsed

    8338.861045000 seconds user
      24.492584000 seconds sys


