[INFO] H/B/C full-convergence benchmark
[INFO] Scheme: PLAIN
[INFO] Households: 1000
[INFO] Simulations: 1000
[INFO] Cache mode: cold
[INFO] Cold mode flushes cache once before each simulation, matching full-run benchmark style.
[INFO] H timers measure household planning/acceptance and, for HE builds, household encryption.
[INFO] B timers measure aggregation by initializing from the first submitted vector/ciphertext and adding only remaining submissions.
[INFO] C timers measure coordinator decrypt and control logic only.
[INFO] A, the standalone PC/Raspberry Pi encryption-only benchmark, should still be run separately.


========================================
H/B/C Full-Convergence Benchmark Report
========================================
[TIMER] H_initial_device_planning | total: 11208030 us | count: 1000000 | avg: 11.208 us
[TIMER] H_encrypt_X_i | total: 0 us | count: 0 | avg: 0 us
[TIMER] H_plan_compute | total: 49237382 us | count: 2743000 | avg: 17.9502 us
[TIMER] H_accept_compute | total: 106024 us | count: 1665689 | avg: 0.0636517 us
[TIMER] H_encrypt_delta_i | total: 0 us | count: 0 | avg: 0 us
[TIMER] H_total_household_side | total: 60551436 us | count: 1000 | avg: 60551.4 us
[TIMER] B_init_X_from_first_ciphertext | total: 95 us | count: 1000 | avg: 0.095 us
[TIMER] B_add_X_remaining | total: 159441 us | count: 999000 | avg: 0.159601 us
[TIMER] B_init_delta_from_first_ciphertext | total: 5 us | count: 2727 | avg: 0.00183352 us
[TIMER] B_add_delta_remaining | total: 205066 us | count: 1662962 | avg: 0.123314 us
[TIMER] B_total_aggregation | total: 364607 us | count: 1000 | avg: 364.607 us
[TIMER] C_decrypt_X | total: 0 us | count: 0 | avg: 0 us
[TIMER] C_decrypt_delta | total: 0 us | count: 0 | avg: 0 us
[TIMER] C_control_logic_until_convergence | total: 64167 us | count: 2743 | avg: 23.393 us
[TIMER] C_total_decrypt_plus_control | total: 64167 us | count: 1000 | avg: 64.167 us
[TIMER] SIM_total_measured_H_B_C | total: 60980210 us | count: 1000 | avg: 60980.2 us
[SUMMARY] total iterations: 2743
[SUMMARY] avg iterations per simulation: 2.743
[SUMMARY] accepted delta ciphertexts/plain updates: 1665689
[SUMMARY] avg accepted deltas per simulation: 1665.69
[SUMMARY] checksum: 5.50537e+09
[SUMMARY] size sink: 0 double sink: 0
scheme,metric,households,simulations,cache_mode,total_us,avg_us,count,cipher_bytes
PLAIN,H_initial_device_planning,1000,1000,cold,11208030,11.208,1000000,0
PLAIN,H_encrypt_X_i,1000,1000,cold,0,0.000,0,0
PLAIN,H_plan_compute,1000,1000,cold,49237382,17.950,2743000,0
PLAIN,H_accept_compute,1000,1000,cold,106024,0.064,1665689,0
PLAIN,H_encrypt_delta_i,1000,1000,cold,0,0.000,0,0
PLAIN,H_total_household_side,1000,1000,cold,60551436,60551.436,1000,0
PLAIN,B_init_X_from_first_ciphertext,1000,1000,cold,95,0.095,1000,0
PLAIN,B_add_X_remaining,1000,1000,cold,159441,0.160,999000,0
PLAIN,B_init_delta_from_first_ciphertext,1000,1000,cold,5,0.002,2727,0
PLAIN,B_add_delta_remaining,1000,1000,cold,205066,0.123,1662962,0
PLAIN,B_total_aggregation,1000,1000,cold,364607,364.607,1000,0
PLAIN,C_decrypt_X,1000,1000,cold,0,0.000,0,0
PLAIN,C_decrypt_delta,1000,1000,cold,0,0.000,0,0
PLAIN,C_control_logic_until_convergence,1000,1000,cold,64167,23.393,2743,0
PLAIN,C_total_decrypt_plus_control,1000,1000,cold,64167,64.167,1000,0
PLAIN,SIM_total_measured_H_B_C,1000,1000,cold,60980210,60980.210,1000,0
SUMMARY,total_iterations,1000,1000,cold,2743,2.743,1000,0
SUMMARY,accepted_delta_count,1000,1000,cold,1665689,1665.689,1000,0

 Performance counter stats for './cmake-build-plain/he_component_bench 1000 1000 cold quiet':

    86,695,587,406      task-clock                       #    1.000 CPUs utilized             
               863      context-switches                 #    9.954 /sec                      
                22      cpu-migrations                   #    0.254 /sec                      
           136,234      page-faults                      #    1.571 K/sec                     
   637,627,288,132      instructions                     #    1.63  insn per cycle            
                                                  #    0.04  stalled cycles per insn   
   391,428,368,215      cycles                           #    4.515 GHz                       
    24,612,472,156      stalled-cycles-frontend          #    6.29% frontend cycles idle      
   115,698,877,791      branches                         #    1.335 G/sec                     
     1,712,873,991      branch-misses                    #    1.48% of all branches           

      86.715193435 seconds time elapsed

      86.385158000 seconds user
       0.304915000 seconds sys


