[INFO] H/B/C full-convergence benchmark
[INFO] Scheme: PLAIN
[INFO] Households: 100
[INFO] Simulations: 1000
[INFO] Cache mode: cold
[INFO] Cold mode flushes cache once before each simulation, matching full-run benchmark style.
[INFO] H timers measure household planning/acceptance and, for HE builds, household encryption.
[INFO] B timers measure aggregation by initializing from the first submitted vector/ciphertext and adding only remaining submissions.
[INFO] C timers measure coordinator decrypt and control logic only.
[INFO] A, the standalone PC/Raspberry Pi encryption-only benchmark, should still be run separately.


========================================
H/B/C Full-Convergence Benchmark Report
========================================
[TIMER] H_initial_device_planning | total: 1099896 us | count: 100000 | avg: 10.999 us
[TIMER] H_encrypt_X_i | total: 0 us | count: 0 | avg: 0 us
[TIMER] H_plan_compute | total: 5825040 us | count: 347100 | avg: 16.782 us
[TIMER] H_accept_compute | total: 1521 us | count: 164960 | avg: 0.00922042 us
[TIMER] H_encrypt_delta_i | total: 0 us | count: 0 | avg: 0 us
[TIMER] H_total_household_side | total: 6926457 us | count: 1000 | avg: 6926.46 us
[TIMER] B_init_X_from_first_ciphertext | total: 4 us | count: 1000 | avg: 0.004 us
[TIMER] B_add_X_remaining | total: 6037 us | count: 99000 | avg: 0.0609798 us
[TIMER] B_init_delta_from_first_ciphertext | total: 1 us | count: 3358 | avg: 0.000297796 us
[TIMER] B_add_delta_remaining | total: 5405 us | count: 161602 | avg: 0.0334464 us
[TIMER] B_total_aggregation | total: 11447 us | count: 1000 | avg: 11.447 us
[TIMER] C_decrypt_X | total: 0 us | count: 0 | avg: 0 us
[TIMER] C_decrypt_delta | total: 0 us | count: 0 | avg: 0 us
[TIMER] C_control_logic_until_convergence | total: 3657 us | count: 3471 | avg: 1.05359 us
[TIMER] C_total_decrypt_plus_control | total: 3657 us | count: 1000 | avg: 3.657 us
[TIMER] SIM_total_measured_H_B_C | total: 6941561 us | count: 1000 | avg: 6941.56 us
[SUMMARY] total iterations: 3471
[SUMMARY] avg iterations per simulation: 3.471
[SUMMARY] accepted delta ciphertexts/plain updates: 164960
[SUMMARY] avg accepted deltas per simulation: 164.96
[SUMMARY] checksum: 5.50415e+08
[SUMMARY] size sink: 0 double sink: 0
scheme,metric,households,simulations,cache_mode,total_us,avg_us,count,cipher_bytes
PLAIN,H_initial_device_planning,100,1000,cold,1099896,10.999,100000,0
PLAIN,H_encrypt_X_i,100,1000,cold,0,0.000,0,0
PLAIN,H_plan_compute,100,1000,cold,5825040,16.782,347100,0
PLAIN,H_accept_compute,100,1000,cold,1521,0.009,164960,0
PLAIN,H_encrypt_delta_i,100,1000,cold,0,0.000,0,0
PLAIN,H_total_household_side,100,1000,cold,6926457,6926.457,1000,0
PLAIN,B_init_X_from_first_ciphertext,100,1000,cold,4,0.004,1000,0
PLAIN,B_add_X_remaining,100,1000,cold,6037,0.061,99000,0
PLAIN,B_init_delta_from_first_ciphertext,100,1000,cold,1,0.000,3358,0
PLAIN,B_add_delta_remaining,100,1000,cold,5405,0.033,161602,0
PLAIN,B_total_aggregation,100,1000,cold,11447,11.447,1000,0
PLAIN,C_decrypt_X,100,1000,cold,0,0.000,0,0
PLAIN,C_decrypt_delta,100,1000,cold,0,0.000,0,0
PLAIN,C_control_logic_until_convergence,100,1000,cold,3657,1.054,3471,0
PLAIN,C_total_decrypt_plus_control,100,1000,cold,3657,3.657,1000,0
PLAIN,SIM_total_measured_H_B_C,100,1000,cold,6941561,6941.561,1000,0
SUMMARY,total_iterations,100,1000,cold,3471,3.471,1000,0
SUMMARY,accepted_delta_count,100,1000,cold,164960,164.960,1000,0

 Performance counter stats for './cmake-build-plain/he_component_bench 100 1000 cold quiet':

    28,323,798,864      task-clock                       #    1.000 CPUs utilized             
               311      context-switches                 #   10.980 /sec                      
                 4      cpu-migrations                   #    0.141 /sec                      
           131,532      page-faults                      #    4.644 K/sec                     
   130,684,840,037      instructions                     #    1.01  insn per cycle            
                                                  #    0.03  stalled cycles per insn   
   128,884,249,012      cycles                           #    4.550 GHz                       
     3,636,975,676      stalled-cycles-frontend          #    2.82% frontend cycles idle      
    21,850,526,747      branches                         #  771.455 M/sec                     
       283,176,156      branch-misses                    #    1.30% of all branches           

      28.331953707 seconds time elapsed

      28.036969000 seconds user
       0.284898000 seconds sys


